src/components/Header.tsx(2,19): error TS6133: 'Link' is declared but its value is never read.
src/components/ui/button.tsx(5,20): error TS2307: Cannot find module '@/lib/utils' or its corresponding type declarations.
src/components/ui/dropdown-menu-demo.tsx(1,30): error TS2307: Cannot find module '@/components/ui/dropdown-menu' or its corresponding type declarations.
src/components/ui/dropdown-menu.tsx(3,24): error TS2307: Cannot find module '@/components/ui/button' or its corresponding type declarations.
src/pages/DocumentConverter.tsx(293,25): error TS2607: JSX element class does not support attributes because it does not have a 'props' property.
src/pages/DocumentConverter.tsx(293,26): error TS2786: 'Lock' cannot be used as a JSX component.
  Its type '{ new (): Lock; prototype: Lock; }' is not a valid JSX element type.
    Type '{ new (): Lock; prototype: Lock; }' is not assignable to type 'new (props: any, context: any) => Component<any, any, any>'.
      Type 'Lock' is missing the following properties from type 'Component<any, any, any>': context, setState, forceUpdate, render, and 2 more.
src/pages/VideoConverter.tsx(290,37): error TS2304: Cannot find name 'setIsZipping'.
src/pages/VideoConverter.tsx(327,41): error TS2304: Cannot find name 'setIsZipping'.
src/pages/VideoConverter.tsx(330,43): error TS2304: Cannot find name 'isZipping'.
src/pages/VideoConverter.tsx(331,117): error TS2304: Cannot find name 'isZipping'.
src/pages/VideoConverter.tsx(333,34): error TS2304: Cannot find name 'isZipping'.
